
> servicex-radbil@0.1.0 build
> next build

Γû▓ Next.js 16.1.6 (Turbopack)
- Environments: .env

  Creating an optimized production build ...
Γ£ô Compiled successfully in 2.0s
  Running TypeScript ...
node.exe : Failed to 
compile.
At line:1 char:1
+ & "C:\Program 
Files\nodejs/node.exe" 
"C:\Users\hendr\AppData
\Roaming\ ...
+ ~~~~~~~~~~~~~~~~~~~~~
~~~~~~~~~~~~~~~~~~~~~~~
~~~~~~~~~~~~~~~~~~~~~~~
~~
    + CategoryInfo     
         : NotSpecifi  
  ed: (Failed to com   
 pile.:String) [],     
RemoteException
    + FullyQualifiedEr 
   rorId : NativeComm  
  andError
 

./src/app/dashboard/lay
out.tsx:37:33
Type error: Property 
'role' does not exist 
on type '{ name?: 
string | null | 
undefined; email?: 
string | null | 
undefined; image?: 
string | null | 
undefined; }'.

[0m [90m 35 |[39m   
  }[33m;[39m
 [90m 36 |[39m
[31m[1m>[22m[39m[9
0m 37 |[39m     
[36mconst[39m role 
[33m=[39m session[33
m?[39m[33m.[39muser
[33m?[39m[33m.[39mro
le [33m||[39m [32m"A
DMIN"[39m[33m;[39m
 [90m    |[39m       
                       
   [31m[1m^[22m[39m
 [90m 38 |[39m
 [90m 39 |[39m     
[36mconst[39m [33mSi
debarContent[39m 
[33m=[39m () 
[33m=>[39m (
 [90m 40 |[39m       
  [33m<[39m[33m>[39
m[0m
Next.js build worker 
exited with code: 1 
and signal: null
